// Jest Snapshot v1, https://goo.gl/fbAQLP

exports[`React.Fragment should not add data-__srouce-code-location 1`] = `
"var x = /*#__PURE__*/React.createElement(React.Fragment, null);
var x = /*#__PURE__*/React.createElement(React.Fragment, null);"
`;

exports[`basic-sample should work 1`] = `
"var x = /*#__PURE__*/React.createElement("div", {
  "data-__source-code-location": "/fake/path/mock.js:2:9"
});
var x = /*#__PURE__*/React.createElement(View, {
  "data-__source-code-location": "/fake/path/mock.js:3:9"
});"
`;

exports[`no-jsx will do nothing 1`] = `"var x = 42;"`;

exports[`with JSXSpreadAttribute should work 1`] = `
"function _extends() { return _extends = Object.assign ? Object.assign.bind() : function (n) { for (var e = 1; e < arguments.length; e++) { var t = arguments[e]; for (var r in t) ({}).hasOwnProperty.call(t, r) && (n[r] = t[r]); } return n; }, _extends.apply(null, arguments); }
var x = /*#__PURE__*/React.createElement("div", _extends({}, test, {
  "data-__source-code-location": "/fake/path/mock.js:2:9"
}));
var x = /*#__PURE__*/React.createElement(View, _extends({}, test, {
  "data-__source-code-location": "/fake/path/mock.js:3:9"
}));"
`;

exports[`with data-__srouce-code-location should work 1`] = `
"var x = /*#__PURE__*/React.createElement("img", {
  "data-__srouce-code-location": "",
  "data-__source-code-location": "/fake/path/mock.js:2:9"
});
var x = /*#__PURE__*/React.createElement("img", {
  "data-__srouce-code-location": "",
  "data-__source-code-location": "/fake/path/mock.js:3:9"
});
var x = /*#__PURE__*/React.createElement("img", {
  "data-__srouce-code-location": 0,
  "data-__source-code-location": "/fake/path/mock.js:4:9"
});
var x = /*#__PURE__*/React.createElement("img", {
  "data-__srouce-code-location": 1,
  "data-__source-code-location": "/fake/path/mock.js:5:9"
});
var x = /*#__PURE__*/React.createElement("img", {
  "data-__srouce-code-location": null,
  "data-__source-code-location": "/fake/path/mock.js:6:9"
});
var x = /*#__PURE__*/React.createElement("img", {
  "data-__srouce-code-location": undefined,
  "data-__source-code-location": "/fake/path/mock.js:7:9"
});
var x = /*#__PURE__*/React.createElement("img", {
  "data-__srouce-code-location": {
    test: test
  },
  "data-__source-code-location": "/fake/path/mock.js:8:9"
});
var x = /*#__PURE__*/React.createElement("img", {
  "data-__srouce-code-location": obj,
  "data-__source-code-location": "/fake/path/mock.js:9:9"
});
var x = /*#__PURE__*/React.createElement("img", {
  "data-__srouce-code-location": obj,
  "data-__srouce-code-location": "",
  "data-__source-code-location": "/fake/path/mock.js:10:9"
});"
`;
